[
  {
    "slide": "slide-1.layout.json",
    "output": [
      "{",
      "  \"pairCount\": 4,",
      "  \"issueCount\": 4,",
      "  \"visualAcceptance\": \"not assessed\",",
      "  \"glyphBoundsVerified\": false,",
      "  \"results\": [",
      "    {",
      "      \"node\": \"cover-dot-0\",",
      "      \"label\": \"cover-dot-label-0\",",
      "      \"padding\": 8,",
      "      \"centerTolerance\": 2,",
      "      \"text\": \"理解\",",
      "      \"centerDelta\": [",
      "        0,",
      "        -1",
      "      ],",
      "      \"safeFrameVerified\": true,",
      "      \"safeFrameScope\": \"outer rectangle only; rounded corners require rendered review\",",
      "      \"alignment\": \"center\",",
      "      \"verticalAlignment\": \"middle\",",
      "      \"glyphBoundsVerified\": false,",
      "      \"issues\": [",
      "        \"UNSAFE_RECTANGULAR_TEXT_FRAME\"",
      "      ]",
      "    },",
      "    {",
      "      \"node\": \"cover-dot-1\",",
      "      \"label\": \"cover-dot-label-1\",",
      "      \"padding\": 8,",
      "      \"centerTolerance\": 2,",
      "      \"text\": \"编排\",",
      "      \"centerDelta\": [",
      "        0,",
      "        -1",
      "      ],",
      "      \"safeFrameVerified\": true,",
      "      \"safeFrameScope\": \"outer rectangle only; rounded corners require rendered review\",",
      "      \"alignment\": \"center\",",
      "      \"verticalAlignment\": \"middle\",",
      "      \"glyphBoundsVerified\": false,",
      "      \"issues\": [",
      "        \"UNSAFE_RECTANGULAR_TEXT_FRAME\"",
      "      ]",
      "    },",
      "    {",
      "      \"node\": \"cover-dot-2\",",
      "      \"label\": \"cover-dot-label-2\",",
      "      \"padding\": 8,",
      "      \"centerTolerance\": 2,",
      "      \"text\": \"编译\",",
      "      \"centerDelta\": [",
      "        0,",
      "        -1",
      "      ],",
      "      \"safeFrameVerified\": true,",
      "      \"safeFrameScope\": \"outer rectangle only; rounded corners require rendered review\",",
      "      \"alignment\": \"center\",",
      "      \"verticalAlignment\": \"middle\",",
      "      \"glyphBoundsVerified\": false,",
      "      \"issues\": [",
      "        \"UNSAFE_RECTANGULAR_TEXT_FRAME\"",
      "      ]",
      "    },",
      "    {",
      "      \"node\": \"cover-dot-3\",",
      "      \"label\": \"cover-dot-label-3\",",
      "      \"padding\": 8,",
      "      \"centerTolerance\": 2,",
      "      \"text\": \"交付\",",
      "      \"centerDelta\": [",
      "        0,",
      "        -1",
      "      ],",
      "      \"safeFrameVerified\": true,",
      "      \"safeFrameScope\": \"outer rectangle only; rounded corners require rendered review\",",
      "      \"alignment\": \"center\",",
      "      \"verticalAlignment\": \"middle\",",
      "      \"glyphBoundsVerified\": false,",
      "      \"issues\": [",
      "        \"UNSAFE_RECTANGULAR_TEXT_FRAME\"",
      "      ]",
      "    }",
      "  ]",
      "}"
    ]
  },
  {
    "slide": "slide-10.layout.json",
    "output": [
      "{",
      "  \"pairCount\": 3,",
      "  \"issueCount\": 0,",
      "  \"visualAcceptance\": \"not assessed\",",
      "  \"glyphBoundsVerified\": false,",
      "  \"results\": [",
      "    {",
      "      \"node\": \"node-school\",",
      "      \"label\": \"label-school\",",
      "      \"padding\": 8,",
      "      \"centerTolerance\": 2,",
      "      \"text\": \"东北大学\",",
      "      \"centerDelta\": [",
      "        0,",
      "        0",
      "      ],",
      "      \"safeFrameVerified\": true,",
      "      \"safeFrameScope\": \"outer rectangle only; rounded corners require rendered review\",",
      "      \"alignment\": \"center\",",
      "      \"verticalAlignment\": \"middle\",",
      "      \"glyphBoundsVerified\": false,",
      "      \"issues\": []",
      "    },",
      "    {",
      "      \"node\": \"node-skin\",",
      "      \"label\": \"label-skin\",",
      "      \"padding\": 8,",
      "      \"centerTolerance\": 2,",
      "      \"text\": \"主题配置\",",
      "      \"centerDelta\": [",
      "        0,",
      "        0",
      "      ],",
      "      \"safeFrameVerified\": true,",
      "      \"safeFrameScope\": \"outer rectangle only; rounded corners require rendered review\",",
      "      \"alignment\": \"center\",",
      "      \"verticalAlignment\": \"middle\",",
      "      \"glyphBoundsVerified\": false,",
      "      \"issues\": []",
      "    },",
      "    {",
      "      \"node\": \"node-orgs\",",
      "      \"label\": \"label-orgs\",",
      "      \"padding\": 8,",
      "      \"centerTolerance\": 2,",
      "      \"text\": \"更多组织\",",
      "      \"centerDelta\": [",
      "        0,",
      "        0",
      "      ],",
      "      \"safeFrameVerified\": true,",
      "      \"safeFrameScope\": \"outer rectangle only; rounded corners require rendered review\",",
      "      \"alignment\": \"center\",",
      "      \"verticalAlignment\": \"middle\",",
      "      \"glyphBoundsVerified\": false,",
      "      \"issues\": []",
      "    }",
      "  ]",
      "}"
    ]
  },
  {
    "slide": "slide-6.layout.json",
    "output": [
      "{",
      "  \"pairCount\": 4,",
      "  \"issueCount\": 0,",
      "  \"visualAcceptance\": \"not assessed\",",
      "  \"glyphBoundsVerified\": false,",
      "  \"results\": [",
      "    {",
      "      \"node\": \"node-understand\",",
      "      \"label\": \"label-understand\",",
      "      \"padding\": 8,",
      "      \"centerTolerance\": 2,",
      "      \"text\": \"AI 理解\",",
      "      \"centerDelta\": [",
      "        0,",
      "        0",
      "      ],",
      "      \"safeFrameVerified\": true,",
      "      \"safeFrameScope\": \"outer rectangle only; rounded corners require rendered review\",",
      "      \"alignment\": \"center\",",
      "      \"verticalAlignment\": \"middle\",",
      "      \"glyphBoundsVerified\": false,",
      "      \"issues\": []",
      "    },",
      "    {",
      "      \"node\": \"node-route\",",
      "      \"label\": \"label-route\",",
      "      \"padding\": 8,",
      "      \"centerTolerance\": 2,",
      "      \"text\": \"选择能力\",",
      "      \"centerDelta\": [",
      "        0,",
      "        0",
      "      ],",
      "      \"safeFrameVerified\": true,",
      "      \"safeFrameScope\": \"outer rectangle only; rounded corners require rendered review\",",
      "      \"alignment\": \"center\",",
      "      \"verticalAlignment\": \"middle\",",
      "      \"glyphBoundsVerified\": false,",
      "      \"issues\": []",
      "    },",
      "    {",
      "      \"node\": \"node-rules\",",
      "      \"label\": \"label-rules\",",
      "      \"padding\": 8,",
      "      \"centerTolerance\": 2,",
      "      \"text\": \"规则约束\",",
      "      \"centerDelta\": [",
      "        0,",
      "        0",
      "      ],",
      "      \"safeFrameVerified\": true,",
      "      \"safeFrameScope\": \"outer rectangle only; rounded corners require rendered review\",",
      "      \"alignment\": \"center\",",
      "      \"verticalAlignment\": \"middle\",",
      "      \"glyphBoundsVerified\": false,",
      "      \"issues\": []",
      "    },",
      "    {",
      "      \"node\": \"node-code\",",
      "      \"label\": \"label-code\",",
      "      \"padding\": 8,",
      "      \"centerTolerance\": 2,",
      "      \"text\": \"代码生成\",",
      "      \"centerDelta\": [",
      "        0,",
      "        0",
      "      ],",
      "      \"safeFrameVerified\": true,",
      "      \"safeFrameScope\": \"outer rectangle only; rounded corners require rendered review\",",
      "      \"alignment\": \"center\",",
      "      \"verticalAlignment\": \"middle\",",
      "      \"glyphBoundsVerified\": false,",
      "      \"issues\": []",
      "    }",
      "  ]",
      "}"
    ]
  },
  {
    "slide": "slide-7.layout.json",
    "output": [
      "{",
      "  \"pairCount\": 9,",
      "  \"issueCount\": 5,",
      "  \"visualAcceptance\": \"not assessed\",",
      "  \"glyphBoundsVerified\": false,",
      "  \"results\": [",
      "    {",
      "      \"node\": \"node-build-0\",",
      "      \"label\": \"label-build-0\",",
      "      \"padding\": 8,",
      "      \"centerTolerance\": 2,",
      "      \"text\": \"优秀参考\",",
      "      \"centerDelta\": [",
      "        0,",
      "        0",
      "      ],",
      "      \"safeFrameVerified\": true,",
      "      \"safeFrameScope\": \"outer rectangle only; rounded corners require rendered review\",",
      "      \"alignment\": \"center\",",
      "      \"verticalAlignment\": \"middle\",",
      "      \"glyphBoundsVerified\": false,",
      "      \"issues\": []",
      "    },",
      "    {",
      "      \"node\": \"node-build-1\",",
      "      \"label\": \"label-build-1\",",
      "      \"padding\": 8,",
      "      \"centerTolerance\": 2,",
      "      \"text\": \"提炼规律\",",
      "      \"centerDelta\": [",
      "        0,",
      "        0",
      "      ],",
      "      \"safeFrameVerified\": true,",
      "      \"safeFrameScope\": \"outer rectangle only; rounded corners require rendered review\",",
      "      \"alignment\": \"center\",",
      "      \"verticalAlignment\": \"middle\",",
      "      \"glyphBoundsVerified\": false,",
      "      \"issues\": []",
      "    },",
      "    {",
      "      \"node\": \"node-build-2\",",
      "      \"label\": \"label-build-2\",",
      "      \"padding\": 8,",
      "      \"centerTolerance\": 2,",
      "      \"text\": \"参数化\",",
      "      \"centerDelta\": [",
      "        0,",
      "        0",
      "      ],",
      "      \"safeFrameVerified\": true,",
      "      \"safeFrameScope\": \"outer rectangle only; rounded corners require rendered review\",",
      "      \"alignment\": \"center\",",
      "      \"verticalAlignment\": \"middle\",",
      "      \"glyphBoundsVerified\": false,",
      "      \"issues\": []",
      "    },",
      "    {",
      "      \"node\": \"node-build-3\",",
      "      \"label\": \"label-build-3\",",
      "      \"padding\": 8,",
      "      \"centerTolerance\": 2,",
      "      \"text\": \"用户确认\",",
      "      \"centerDelta\": [",
      "        0,",
      "        0",
      "      ],",
      "      \"safeFrameVerified\": true,",
      "      \"safeFrameScope\": \"outer rectangle only; rounded corners require rendered review\",",
      "      \"alignment\": \"center\",",
      "      \"verticalAlignment\": \"middle\",",
      "      \"glyphBoundsVerified\": false,",
      "      \"issues\": []",
      "    },",
      "    {",
      "      \"node\": \"node-run-0\",",
      "      \"label\": \"label-run-0\",",
      "      \"padding\": 8,",
      "      \"centerTolerance\": 2,",
      "      \"text\": \"稿件 + Skin\",",
      "      \"centerDelta\": [",
      "        0,",
      "        0",
      "      ],",
      "      \"safeFrameVerified\": true,",
      "      \"safeFrameScope\": \"outer rectangle only; rounded corners require rendered review\",",
      "      \"alignment\": \"center\",",
      "      \"verticalAlignment\": \"middle\",",
      "      \"glyphBoundsVerified\": false,",
      "      \"issues\": [",
      "        \"UNSAFE_RECTANGULAR_TEXT_FRAME\"",
      "      ]",
      "    },",
      "    {",
      "      \"node\": \"node-run-1\",",
      "      \"label\": \"label-run-1\",",
      "      \"padding\": 8,",
      "      \"centerTolerance\": 2,",
      "      \"text\": \"AI 编排\",",
      "      \"centerDelta\": [",
      "        0,",
      "        0",
      "      ],",
      "      \"safeFrameVerified\": true,",
      "      \"safeFrameScope\": \"outer rectangle only; rounded corners require rendered review\",",
      "      \"alignment\": \"center\",",
      "      \"verticalAlignment\": \"middle\",",
      "      \"glyphBoundsVerified\": false,",
      "      \"issues\": [",
      "        \"UNSAFE_RECTANGULAR_TEXT_FRAME\"",
      "      ]",
      "    },",
      "    {",
      "      \"node\": \"node-run-2\",",
      "      \"label\": \"label-run-2\",",
      "      \"padding\": 8,",
      "      \"centerTolerance\": 2,",
      "      \"text\": \"核心资产\",",
      "      \"centerDelta\": [",
      "        0,",
      "        0",
      "      ],",
      "      \"safeFrameVerified\": true,",
      "      \"safeFrameScope\": \"outer rectangle only; rounded corners require rendered review\",",
      "      \"alignment\": \"center\",",
      "      \"verticalAlignment\": \"middle\",",
      "      \"glyphBoundsVerified\": false,",
      "      \"issues\": [",
      "        \"UNSAFE_RECTANGULAR_TEXT_FRAME\"",
      "      ]",
      "    },",
      "    {",
      "      \"node\": \"node-run-3\",",
      "      \"label\": \"label-run-3\",",
      "      \"padding\": 8,",
      "      \"centerTolerance\": 2,",
      "      \"text\": \"确定性编译\",",
      "      \"centerDelta\": [",
      "        0,",
      "        0",
      "      ],",
      "      \"safeFrameVerified\": true,",
      "      \"safeFrameScope\": \"outer rectangle only; rounded corners require rendered review\",",
      "      \"alignment\": \"center\",",
      "      \"verticalAlignment\": \"middle\",",
      "      \"glyphBoundsVerified\": false,",
      "      \"issues\": [",
      "        \"UNSAFE_RECTANGULAR_TEXT_FRAME\"",
      "      ]",
      "    },",
      "    {",
      "      \"node\": \"node-run-4\",",
      "      \"label\": \"label-run-4\",",
      "      \"padding\": 8,",
      "      \"centerTolerance\": 2,",
      "      \"text\": \"PPTX\",",
      "      \"centerDelta\": [",
      "        0,",
      "        0",
      "      ],",
      "      \"safeFrameVerified\": true,",
      "      \"safeFrameScope\": \"outer rectangle only; rounded corners require rendered review\",",
      "      \"alignment\": \"center\",",
      "      \"verticalAlignment\": \"middle\",",
      "      \"glyphBoundsVerified\": false,",
      "      \"issues\": [",
      "        \"UNSAFE_RECTANGULAR_TEXT_FRAME\"",
      "      ]",
      "    }",
      "  ]",
      "}"
    ]
  },
  {
    "slide": "slide-9.layout.json",
    "output": [
      "{",
      "  \"pairCount\": 5,",
      "  \"issueCount\": 0,",
      "  \"visualAcceptance\": \"not assessed\",",
      "  \"glyphBoundsVerified\": false,",
      "  \"results\": [",
      "    {",
      "      \"node\": \"node-root\",",
      "      \"label\": \"label-root\",",
      "      \"padding\": 8,",
      "      \"centerTolerance\": 2,",
      "      \"text\": \"表达能力\",",
      "      \"centerDelta\": [",
      "        0,",
      "        0",
      "      ],",
      "      \"safeFrameVerified\": true,",
      "      \"safeFrameScope\": \"outer rectangle only; rounded corners require rendered review\",",
      "      \"alignment\": \"center\",",
      "      \"verticalAlignment\": \"middle\",",
      "      \"glyphBoundsVerified\": false,",
      "      \"issues\": []",
      "    },",
      "    {",
      "      \"node\": \"node-hier-group-0\",",
      "      \"label\": \"label-hier-group-0\",",
      "      \"padding\": 8,",
      "      \"centerTolerance\": 2,",
      "      \"text\": \"内容关系\",",
      "      \"centerDelta\": [",
      "        0,",
      "        0",
      "      ],",
      "      \"safeFrameVerified\": true,",
      "      \"safeFrameScope\": \"outer rectangle only; rounded corners require rendered review\",",
      "      \"alignment\": \"center\",",
      "      \"verticalAlignment\": \"middle\",",
      "      \"glyphBoundsVerified\": false,",
      "      \"issues\": []",
      "    },",
      "    {",
      "      \"node\": \"node-hier-group-1\",",
      "      \"label\": \"label-hier-group-1\",",
      "      \"padding\": 8,",
      "      \"centerTolerance\": 2,",
      "      \"text\": \"容量变化\",",
      "      \"centerDelta\": [",
      "        0,",
      "        0",
      "      ],",
      "      \"safeFrameVerified\": true,",
      "      \"safeFrameScope\": \"outer rectangle only; rounded corners require rendered review\",",
      "      \"alignment\": \"center\",",
      "      \"verticalAlignment\": \"middle\",",
      "      \"glyphBoundsVerified\": false,",
      "      \"issues\": []",
      "    },",
      "    {",
      "      \"node\": \"node-hier-group-2\",",
      "      \"label\": \"label-hier-group-2\",",
      "      \"padding\": 8,",
      "      \"centerTolerance\": 2,",
      "      \"text\": \"失败边界\",",
      "      \"centerDelta\": [",
      "        0,",
      "        0",
      "      ],",
      "      \"safeFrameVerified\": true,",
      "      \"safeFrameScope\": \"outer rectangle only; rounded corners require rendered review\",",
      "      \"alignment\": \"center\",",
      "      \"verticalAlignment\": \"middle\",",
      "      \"glyphBoundsVerified\": false,",
      "      \"issues\": []",
      "    },",
      "    {",
      "      \"node\": \"node-hier-group-3\",",
      "      \"label\": \"label-hier-group-3\",",
      "      \"padding\": 8,",
      "      \"centerTolerance\": 2,",
      "      \"text\": \"运行反馈\",",
      "      \"centerDelta\": [",
      "        0,",
      "        0",
      "      ],",
      "      \"safeFrameVerified\": true,",
      "      \"safeFrameScope\": \"outer rectangle only; rounded corners require rendered review\",",
      "      \"alignment\": \"center\",",
      "      \"verticalAlignment\": \"middle\",",
      "      \"glyphBoundsVerified\": false,",
      "      \"issues\": []",
      "    }",
      "  ]",
      "}"
    ]
  }
]
