file:///C:/PPagenT/src/agent/workflow.mjs:606
        throw new WorkflowError(
              ^

WorkflowError: 视觉导演的家族或变体选择未通过确定性复核
    at runDirectorWorkflow (file:///C:/PPagenT/src/agent/workflow.mjs:606:15)
    at async runWorkflowCli (file:///C:/PPagenT/src/agent/run-workflow.mjs:95:18)
    at async file:///C:/PPagenT/src/agent/run-workflow.mjs:156:18 {
  code: 'VISUAL_RESOLUTION_NOT_ACCEPTED',
  stage: 'visual-resolution',
  details: {
    status: 'needs-director-revision',
    feedback: [
      {
        pageId: 'opening',
        code: 'choice-not-in-semantic-candidates',
        candidateVariantIds: [ 'skin-body-editorial:editorial' ]
      },
      {
        pageId: 'new-matrix',
        code: 'choice-not-in-semantic-candidates',
        candidateVariantIds: [ 'skin-body-editorial:editorial' ]
      },
      {
        pageId: 'practice-levers-1',
        code: 'choice-not-in-semantic-candidates',
        candidateVariantIds: [ 'skin-body-editorial:editorial' ]
      },
      {
        pageId: 'conclusion',
        code: 'choice-not-in-semantic-candidates',
        candidateVariantIds: [ 'skin-body-editorial:editorial' ]
      }
    ],
    results: []
  }
}

Node.js v24.19.0
