{
  "pairCount": 5,
  "issueCount": 1,
  "visualAcceptance": "not assessed",
  "glyphBoundsVerified": false,
  "results": [
    {
      "node": "record-result",
      "labels": [
        "record-result-label"
      ],
      "padding": 12,
      "centerTolerance": 2,
      "text": "一次实验结果",
      "centerDelta": [
        0,
        0
      ],
      "safeFrameVerified": true,
      "safeFrameScope": "outer rectangle only; rounded corners require rendered review",
      "alignment": "center",
      "verticalAlignment": "middle",
      "glyphBoundsVerified": false,
      "issues": [
        "UNSAFE_RECTANGULAR_TEXT_FRAME"
      ]
    },
    {
      "node": "record-raw",
      "labels": [
        "record-raw-label"
      ],
      "padding": 10,
      "centerTolerance": 2,
      "text": "原始数据位置",
      "centerDelta": [
        0,
        0
      ],
      "safeFrameVerified": true,
      "safeFrameScope": "outer rectangle only; rounded corners require rendered review",
      "alignment": "center",
      "verticalAlignment": "middle",
      "glyphBoundsVerified": false,
      "issues": []
    },
    {
      "node": "record-cond",
      "labels": [
        "record-cond-label"
      ],
      "padding": 10,
      "centerTolerance": 2,
      "text": "样本与采集条件",
      "centerDelta": [
        0,
        0
      ],
      "safeFrameVerified": true,
      "safeFrameScope": "outer rectangle only; rounded corners require rendered review",
      "alignment": "center",
      "verticalAlignment": "middle",
      "glyphBoundsVerified": false,
      "issues": []
    },
    {
      "node": "record-script",
      "labels": [
        "record-script-label"
      ],
      "padding": 10,
      "centerTolerance": 2,
      "text": "处理脚本版本",
      "centerDelta": [
        0,
        0
      ],
      "safeFrameVerified": true,
      "safeFrameScope": "outer rectangle only; rounded corners require rendered review",
      "alignment": "center",
      "verticalAlignment": "middle",
      "glyphBoundsVerified": false,
      "issues": []
    },
    {
      "node": "record-exc",
      "labels": [
        "record-exc-label"
      ],
      "padding": 10,
      "centerTolerance": 2,
      "text": "异常与排除说明",
      "centerDelta": [
        0,
        0
      ],
      "safeFrameVerified": true,
      "safeFrameScope": "outer rectangle only; rounded corners require rendered review",
      "alignment": "center",
      "verticalAlignment": "middle",
      "glyphBoundsVerified": false,
      "issues": []
    }
  ]
}
{
  "pairCount": 5,
  "issueCount": 4,
  "visualAcceptance": "not assessed",
  "glyphBoundsVerified": false,
  "results": [
    {
      "node": "wf-submit",
      "labels": [
        "wf-submit-label"
      ],
      "padding": 12,
      "centerTolerance": 2,
      "text": "执行者\n提交记录与受控引用",
      "centerDelta": [
        0,
        0
      ],
      "safeFrameVerified": true,
      "safeFrameScope": "outer rectangle only; rounded corners require rendered review",
      "alignment": "center",
      "verticalAlignment": "middle",
      "glyphBoundsVerified": false,
      "issues": [
        "UNSAFE_RECTANGULAR_TEXT_FRAME"
      ]
    },
    {
      "node": "wf-review",
      "labels": [
        "wf-review-label"
      ],
      "padding": 12,
      "centerTolerance": 2,
      "text": "另一位成员\n定位并提出缺项",
      "centerDelta": [
        0,
        0
      ],
      "safeFrameVerified": true,
      "safeFrameScope": "outer rectangle only; rounded corners require rendered review",
      "alignment": "center",
      "verticalAlignment": "middle",
      "glyphBoundsVerified": false,
      "issues": [
        "UNSAFE_RECTANGULAR_TEXT_FRAME"
      ]
    },
    {
      "node": "wf-supplement",
      "labels": [
        "wf-supplement-label"
      ],
      "padding": 12,
      "centerTolerance": 2,
      "text": "执行者\n补充后交负责人",
      "centerDelta": [
        0,
        0
      ],
      "safeFrameVerified": true,
      "safeFrameScope": "outer rectangle only; rounded corners require rendered review",
      "alignment": "center",
      "verticalAlignment": "middle",
      "glyphBoundsVerified": false,
      "issues": [
        "UNSAFE_RECTANGULAR_TEXT_FRAME"
      ]
    },
    {
      "node": "wf-ready",
      "labels": [
        "wf-ready-label"
      ],
      "padding": 12,
      "centerTolerance": 2,
      "text": "负责人确认\n进入可讨论版本",
      "centerDelta": [
        0,
        0
      ],
      "safeFrameVerified": true,
      "safeFrameScope": "outer rectangle only; rounded corners require rendered review",
      "alignment": "center",
      "verticalAlignment": "middle",
      "glyphBoundsVerified": false,
      "issues": [
        "UNSAFE_RECTANGULAR_TEXT_FRAME"
      ]
    },
    {
      "node": "wf-gate",
      "labels": [
        "wf-gate-label"
      ],
      "padding": 10,
      "centerTolerance": 2,
      "text": "若涉及新的访问授权\n暂停共享，由负责人处理",
      "centerDelta": [
        0,
        0
      ],
      "safeFrameVerified": true,
      "safeFrameScope": "outer rectangle only; rounded corners require rendered review",
      "alignment": "center",
      "verticalAlignment": "middle",
      "glyphBoundsVerified": false,
      "issues": []
    }
  ]
}
{
  "pairCount": 3,
  "issueCount": 6,
  "visualAcceptance": "not assessed",
  "glyphBoundsVerified": false,
  "results": [
    {
      "node": "pilot-week-0",
      "labels": [
        "pilot-week-title-0",
        "pilot-week-body-0"
      ],
      "padding": 12,
      "centerTolerance": 2,
      "text": "第 1 周\n明确最少字段\n用一个结果试填",
      "centerDelta": [
        0,
        -5
      ],
      "safeFrameVerified": true,
      "safeFrameScope": "outer rectangle only; rounded corners require rendered review",
      "alignment": "center",
      "verticalAlignment": "top",
      "glyphBoundsVerified": false,
      "issues": [
        "VERTICAL_ALIGNMENT",
        "OFF_CENTER_TEXT_FRAME"
      ]
    },
    {
      "node": "pilot-week-1",
      "labels": [
        "pilot-week-title-1",
        "pilot-week-body-1"
      ],
      "padding": 12,
      "centerTolerance": 2,
      "text": "第 2–3 周\n在实际工作中记录\n缺项与填写负担",
      "centerDelta": [
        0,
        -5
      ],
      "safeFrameVerified": true,
      "safeFrameScope": "outer rectangle only; rounded corners require rendered review",
      "alignment": "center",
      "verticalAlignment": "top",
      "glyphBoundsVerified": false,
      "issues": [
        "VERTICAL_ALIGNMENT",
        "OFF_CENTER_TEXT_FRAME"
      ]
    },
    {
      "node": "pilot-week-2",
      "labels": [
        "pilot-week-title-2",
        "pilot-week-body-2"
      ],
      "padding": 12,
      "centerTolerance": 2,
      "text": "第 4 周\n讨论保留、修改\n或停止",
      "centerDelta": [
        0,
        -5
      ],
      "safeFrameVerified": true,
      "safeFrameScope": "outer rectangle only; rounded corners require rendered review",
      "alignment": "center",
      "verticalAlignment": "top",
      "glyphBoundsVerified": false,
      "issues": [
        "VERTICAL_ALIGNMENT",
        "OFF_CENTER_TEXT_FRAME"
      ]
    }
  ]
}
{
  "pairCount": 3,
  "issueCount": 3,
  "visualAcceptance": "not assessed",
  "glyphBoundsVerified": false,
  "results": [
    {
      "node": "decision-num-box-0",
      "labels": [
        "decision-num-0"
      ],
      "padding": 8,
      "centerTolerance": 2,
      "text": "1",
      "centerDelta": [
        0,
        0
      ],
      "safeFrameVerified": true,
      "safeFrameScope": "outer rectangle only; rounded corners require rendered review",
      "alignment": "center",
      "verticalAlignment": "middle",
      "glyphBoundsVerified": false,
      "issues": [
        "UNSAFE_RECTANGULAR_TEXT_FRAME"
      ]
    },
    {
      "node": "decision-num-box-1",
      "labels": [
        "decision-num-1"
      ],
      "padding": 8,
      "centerTolerance": 2,
      "text": "2",
      "centerDelta": [
        0,
        0
      ],
      "safeFrameVerified": true,
      "safeFrameScope": "outer rectangle only; rounded corners require rendered review",
      "alignment": "center",
      "verticalAlignment": "middle",
      "glyphBoundsVerified": false,
      "issues": [
        "UNSAFE_RECTANGULAR_TEXT_FRAME"
      ]
    },
    {
      "node": "decision-num-box-2",
      "labels": [
        "decision-num-2"
      ],
      "padding": 8,
      "centerTolerance": 2,
      "text": "3",
      "centerDelta": [
        0,
        0
      ],
      "safeFrameVerified": true,
      "safeFrameScope": "outer rectangle only; rounded corners require rendered review",
      "alignment": "center",
      "verticalAlignment": "middle",
      "glyphBoundsVerified": false,
      "issues": [
        "UNSAFE_RECTANGULAR_TEXT_FRAME"
      ]
    }
  ]
}
