file:///C:/PPagenT/src/agent/workflow.mjs:606
        throw new WorkflowError(
              ^

WorkflowError: 视觉导演的家族或变体选择未通过确定性复核
    at runDirectorWorkflow (file:///C:/PPagenT/src/agent/workflow.mjs:606:15)
    at async runWorkflowCli (file:///C:/PPagenT/src/agent/run-workflow.mjs:95:18)
    at async file:///C:/PPagenT/src/agent/run-workflow.mjs:156:18 {
  code: 'VISUAL_RESOLUTION_NOT_ACCEPTED',
  stage: 'visual-resolution',
  details: {
    status: 'needs-director-revision',
    feedback: [
      {
        pageId: 'opening',
        code: 'composition-invalid',
        issues: [
          {
            code: 'composition-item-field-unplaced',
            omissions: [Array]
          }
        ]
      },
      {
        pageId: 'from-challenge-to-focus',
        code: 'composition-invalid',
        issues: [
          {
            code: 'composition-item-field-unplaced',
            omissions: [Array]
          }
        ]
      },
      {
        pageId: 'conclusion',
        code: 'composition-invalid',
        issues: [
          {
            code: 'composition-text-fit-failed',
            role: 'rowBody',
            slotId: 'support',
            message: 'rowBody 无法在正文槽位允许的字号档位内排下'
          }
        ]
      }
    ],
    results: []
  }
}

Node.js v24.19.0
