[
  {
    "file": "C:\\PPagenT\\experiments\\university-skin-pilot\\stability-01\\archive-d\\round-01\\slide-1.layout.json",
    "textFrames": 8,
    "textCapacityWarningCount": 0,
    "textCapacityUnchecked": 0,
    "textCapacityWarnings": [],
    "intersectionCount": 0,
    "intersections": [],
    "textRuleIntersectionCount": 0,
    "textRuleIntersections": [],
    "textRuleClearanceCount": 0,
    "textRuleClearanceCandidates": []
  }
]
[
  {
    "file": "C:\\PPagenT\\experiments\\university-skin-pilot\\stability-01\\archive-d\\round-01\\slide-2.layout.json",
    "textFrames": 13,
    "textCapacityWarningCount": 0,
    "textCapacityUnchecked": 0,
    "textCapacityWarnings": [],
    "intersectionCount": 0,
    "intersections": [],
    "textRuleIntersectionCount": 0,
    "textRuleIntersections": [],
    "textRuleClearanceCount": 0,
    "textRuleClearanceCandidates": []
  }
]
[
  {
    "file": "C:\\PPagenT\\experiments\\university-skin-pilot\\stability-01\\archive-d\\round-01\\slide-3.layout.json",
    "textFrames": 13,
    "textCapacityWarningCount": 0,
    "textCapacityUnchecked": 0,
    "textCapacityWarnings": [],
    "intersectionCount": 0,
    "intersections": [],
    "textRuleIntersectionCount": 0,
    "textRuleIntersections": [],
    "textRuleClearanceCount": 0,
    "textRuleClearanceCandidates": []
  }
]
[
  {
    "file": "C:\\PPagenT\\experiments\\university-skin-pilot\\stability-01\\archive-d\\round-01\\slide-4.layout.json",
    "textFrames": 12,
    "textCapacityWarningCount": 0,
    "textCapacityUnchecked": 0,
    "textCapacityWarnings": [],
    "intersectionCount": 0,
    "intersections": [],
    "textRuleIntersectionCount": 0,
    "textRuleIntersections": [],
    "textRuleClearanceCount": 0,
    "textRuleClearanceCandidates": []
  }
]
[
  {
    "file": "C:\\PPagenT\\experiments\\university-skin-pilot\\stability-01\\archive-d\\round-01\\slide-5.layout.json",
    "textFrames": 13,
    "textCapacityWarningCount": 0,
    "textCapacityUnchecked": 0,
    "textCapacityWarnings": [],
    "intersectionCount": 0,
    "intersections": [],
    "textRuleIntersectionCount": 0,
    "textRuleIntersections": [],
    "textRuleClearanceCount": 0,
    "textRuleClearanceCandidates": []
  }
]
[
  {
    "file": "C:\\PPagenT\\experiments\\university-skin-pilot\\stability-01\\archive-d\\round-01\\slide-6.layout.json",
    "textFrames": 14,
    "textCapacityWarningCount": 0,
    "textCapacityUnchecked": 0,
    "textCapacityWarnings": [],
    "intersectionCount": 0,
    "intersections": [],
    "textRuleIntersectionCount": 0,
    "textRuleIntersections": [],
    "textRuleClearanceCount": 6,
    "textRuleClearanceCandidates": [
      {
        "text": {
          "id": "5",
          "text": "01  执行者提交\n结果记录 + 受控引用",
          "bbox": [
            75,
            260,
            245,
            120
          ]
        },
        "rule": {
          "id": "9",
          "bbox": [
            320,
            320,
            60,
            0
          ]
        },
        "gapX": 0,
        "gapY": 0
      },
      {
        "text": {
          "id": "6",
          "text": "02  另一位成员定位\n数据、脚本与条件\n提出缺项",
          "bbox": [
            380,
            260,
            245,
            120
          ]
        },
        "rule": {
          "id": "9",
          "bbox": [
            320,
            320,
            60,
            0
          ]
        },
        "gapX": 0,
        "gapY": 0
      },
      {
        "text": {
          "id": "6",
          "text": "02  另一位成员定位\n数据、脚本与条件\n提出缺项",
          "bbox": [
            380,
            260,
            245,
            120
          ]
        },
        "rule": {
          "id": "10",
          "bbox": [
            625,
            320,
            60,
            0
          ]
        },
        "gapX": 0,
        "gapY": 0
      },
      {
        "text": {
          "id": "7",
          "text": "03  执行者补充\n交负责人确认",
          "bbox": [
            685,
            260,
            245,
            120
          ]
        },
        "rule": {
          "id": "10",
          "bbox": [
            625,
            320,
            60,
            0
          ]
        },
        "gapX": 0,
        "gapY": 0
      },
      {
        "text": {
          "id": "7",
          "text": "03  执行者补充\n交负责人确认",
          "bbox": [
            685,
            260,
            245,
            120
          ]
        },
        "rule": {
          "id": "11",
          "bbox": [
            930,
            320,
            60,
            0
          ]
        },
        "gapX": 0,
        "gapY": 0
      },
      {
        "text": {
          "id": "8",
          "text": "04  进入\n可讨论版本",
          "bbox": [
            990,
            260,
            210,
            120
          ]
        },
        "rule": {
          "id": "11",
          "bbox": [
            930,
            320,
            60,
            0
          ]
        },
        "gapX": 0,
        "gapY": 0
      }
    ]
  }
]
[
  {
    "file": "C:\\PPagenT\\experiments\\university-skin-pilot\\stability-01\\archive-d\\round-01\\slide-7.layout.json",
    "textFrames": 12,
    "textCapacityWarningCount": 0,
    "textCapacityUnchecked": 0,
    "textCapacityWarnings": [],
    "intersectionCount": 0,
    "intersections": [],
    "textRuleIntersectionCount": 0,
    "textRuleIntersections": [],
    "textRuleClearanceCount": 4,
    "textRuleClearanceCandidates": [
      {
        "text": {
          "id": "5",
          "text": "第 1 周",
          "bbox": [
            170,
            295,
            170,
            100
          ]
        },
        "rule": {
          "id": "11",
          "bbox": [
            340,
            345,
            140,
            0
          ]
        },
        "gapX": 0,
        "gapY": 0
      },
      {
        "text": {
          "id": "7",
          "text": "第 2—3 周",
          "bbox": [
            480,
            295,
            170,
            100
          ]
        },
        "rule": {
          "id": "11",
          "bbox": [
            340,
            345,
            140,
            0
          ]
        },
        "gapX": 0,
        "gapY": 0
      },
      {
        "text": {
          "id": "7",
          "text": "第 2—3 周",
          "bbox": [
            480,
            295,
            170,
            100
          ]
        },
        "rule": {
          "id": "12",
          "bbox": [
            650,
            345,
            200,
            0
          ]
        },
        "gapX": 0,
        "gapY": 0
      },
      {
        "text": {
          "id": "9",
          "text": "第 4 周",
          "bbox": [
            850,
            295,
            170,
            100
          ]
        },
        "rule": {
          "id": "12",
          "bbox": [
            650,
            345,
            200,
            0
          ]
        },
        "gapX": 0,
        "gapY": 0
      }
    ]
  }
]
[
  {
    "file": "C:\\PPagenT\\experiments\\university-skin-pilot\\stability-01\\archive-d\\round-01\\slide-8.layout.json",
    "textFrames": 14,
    "textCapacityWarningCount": 0,
    "textCapacityUnchecked": 0,
    "textCapacityWarnings": [],
    "intersectionCount": 0,
    "intersections": [],
    "textRuleIntersectionCount": 0,
    "textRuleIntersections": [],
    "textRuleClearanceCount": 0,
    "textRuleClearanceCandidates": []
  }
]
