{
  "pairCount": 1,
  "issueCount": 0,
  "visualAcceptance": "not assessed",
  "glyphBoundsVerified": false,
  "results": [
    {
      "node": "cover-scope-node",
      "label": "cover-scope-node",
      "padding": 8,
      "text": "1 个课题方向  ·  2 名自愿成员  ·  4 周",
      "centerDelta": [
        0,
        0
      ],
      "safeFrameVerified": true,
      "safeFrameScope": "outer rectangle only; rounded corners require rendered review",
      "alignment": "center",
      "verticalAlignment": "middle",
      "glyphBoundsVerified": false,
      "issues": []
    }
  ]
}
{
  "pairCount": 4,
  "issueCount": 0,
  "visualAcceptance": "not assessed",
  "glyphBoundsVerified": false,
  "results": [
    {
      "node": "s2-result-node",
      "label": "s2-result-node",
      "padding": 8,
      "text": "可解释的\n实验结果",
      "centerDelta": [
        0,
        0
      ],
      "safeFrameVerified": true,
      "safeFrameScope": "outer rectangle only; rounded corners require rendered review",
      "alignment": "center",
      "verticalAlignment": "middle",
      "glyphBoundsVerified": false,
      "issues": []
    },
    {
      "node": "s2-sample-node",
      "label": "s2-sample-node",
      "padding": 8,
      "text": "哪批样本？",
      "centerDelta": [
        0,
        0
      ],
      "safeFrameVerified": true,
      "safeFrameScope": "outer rectangle only; rounded corners require rendered review",
      "alignment": "center",
      "verticalAlignment": "middle",
      "glyphBoundsVerified": false,
      "issues": []
    },
    {
      "node": "s2-script-node",
      "label": "s2-script-node",
      "padding": 8,
      "text": "哪版脚本？",
      "centerDelta": [
        0,
        0
      ],
      "safeFrameVerified": true,
      "safeFrameScope": "outer rectangle only; rounded corners require rendered review",
      "alignment": "center",
      "verticalAlignment": "middle",
      "glyphBoundsVerified": false,
      "issues": []
    },
    {
      "node": "s2-exclusion-node",
      "label": "s2-exclusion-node",
      "padding": 8,
      "text": "排除了什么？",
      "centerDelta": [
        0,
        0
      ],
      "safeFrameVerified": true,
      "safeFrameScope": "outer rectangle only; rounded corners require rendered review",
      "alignment": "center",
      "verticalAlignment": "middle",
      "glyphBoundsVerified": false,
      "issues": []
    }
  ]
}
{
  "pairCount": 6,
  "issueCount": 0,
  "visualAcceptance": "not assessed",
  "glyphBoundsVerified": false,
  "results": [
    {
      "node": "s3-center-node",
      "label": "s3-center-node",
      "padding": 8,
      "text": "一次可讨论的\n实验结果",
      "centerDelta": [
        0,
        0
      ],
      "safeFrameVerified": true,
      "safeFrameScope": "outer rectangle only; rounded corners require rendered review",
      "alignment": "center",
      "verticalAlignment": "middle",
      "glyphBoundsVerified": false,
      "issues": []
    },
    {
      "node": "s3-data-node",
      "label": "s3-data-node",
      "padding": 8,
      "text": "原始数据位置",
      "centerDelta": [
        0,
        0
      ],
      "safeFrameVerified": true,
      "safeFrameScope": "outer rectangle only; rounded corners require rendered review",
      "alignment": "center",
      "verticalAlignment": "middle",
      "glyphBoundsVerified": false,
      "issues": []
    },
    {
      "node": "s3-sample-node",
      "label": "s3-sample-node",
      "padding": 8,
      "text": "样本与采集条件",
      "centerDelta": [
        0,
        0
      ],
      "safeFrameVerified": true,
      "safeFrameScope": "outer rectangle only; rounded corners require rendered review",
      "alignment": "center",
      "verticalAlignment": "middle",
      "glyphBoundsVerified": false,
      "issues": []
    },
    {
      "node": "s3-script-node",
      "label": "s3-script-node",
      "padding": 8,
      "text": "处理脚本版本",
      "centerDelta": [
        0,
        0
      ],
      "safeFrameVerified": true,
      "safeFrameScope": "outer rectangle only; rounded corners require rendered review",
      "alignment": "center",
      "verticalAlignment": "middle",
      "glyphBoundsVerified": false,
      "issues": []
    },
    {
      "node": "s3-result-node",
      "label": "s3-result-node",
      "padding": 8,
      "text": "结果文件",
      "centerDelta": [
        0,
        0
      ],
      "safeFrameVerified": true,
      "safeFrameScope": "outer rectangle only; rounded corners require rendered review",
      "alignment": "center",
      "verticalAlignment": "middle",
      "glyphBoundsVerified": false,
      "issues": []
    },
    {
      "node": "s3-exception-node",
      "label": "s3-exception-node",
      "padding": 8,
      "text": "异常与排除说明",
      "centerDelta": [
        0,
        0
      ],
      "safeFrameVerified": true,
      "safeFrameScope": "outer rectangle only; rounded corners require rendered review",
      "alignment": "center",
      "verticalAlignment": "middle",
      "glyphBoundsVerified": false,
      "issues": []
    }
  ]
}
slide-4: NOT_APPLICABLE_NO_NODES
slide-5: NOT_APPLICABLE_NO_NODES
{
  "pairCount": 4,
  "issueCount": 0,
  "visualAcceptance": "not assessed",
  "glyphBoundsVerified": false,
  "results": [
    {
      "node": "s6-submit-node",
      "label": "s6-submit-node",
      "padding": 8,
      "text": "01  执行者提交\n结果记录 + 受控引用",
      "centerDelta": [
        0,
        0
      ],
      "safeFrameVerified": true,
      "safeFrameScope": "outer rectangle only; rounded corners require rendered review",
      "alignment": "center",
      "verticalAlignment": "middle",
      "glyphBoundsVerified": false,
      "issues": []
    },
    {
      "node": "s6-locate-node",
      "label": "s6-locate-node",
      "padding": 8,
      "text": "02  另一位成员定位\n数据、脚本与条件\n提出缺项",
      "centerDelta": [
        0,
        0
      ],
      "safeFrameVerified": true,
      "safeFrameScope": "outer rectangle only; rounded corners require rendered review",
      "alignment": "center",
      "verticalAlignment": "middle",
      "glyphBoundsVerified": false,
      "issues": []
    },
    {
      "node": "s6-supplement-node",
      "label": "s6-supplement-node",
      "padding": 8,
      "text": "03  执行者补充\n交负责人确认",
      "centerDelta": [
        0,
        0
      ],
      "safeFrameVerified": true,
      "safeFrameScope": "outer rectangle only; rounded corners require rendered review",
      "alignment": "center",
      "verticalAlignment": "middle",
      "glyphBoundsVerified": false,
      "issues": []
    },
    {
      "node": "s6-discussable-node",
      "label": "s6-discussable-node",
      "padding": 8,
      "text": "04  进入\n可讨论版本",
      "centerDelta": [
        0,
        0
      ],
      "safeFrameVerified": true,
      "safeFrameScope": "outer rectangle only; rounded corners require rendered review",
      "alignment": "center",
      "verticalAlignment": "middle",
      "glyphBoundsVerified": false,
      "issues": []
    }
  ]
}
{
  "pairCount": 4,
  "issueCount": 0,
  "visualAcceptance": "not assessed",
  "glyphBoundsVerified": false,
  "results": [
    {
      "node": "s7-scope-node",
      "label": "s7-scope-node",
      "padding": 8,
      "text": "1 个课题方向  ·  2 名自愿成员  ·  记录新增实验",
      "centerDelta": [
        0,
        0
      ],
      "safeFrameVerified": true,
      "safeFrameScope": "outer rectangle only; rounded corners require rendered review",
      "alignment": "center",
      "verticalAlignment": "middle",
      "glyphBoundsVerified": false,
      "issues": []
    },
    {
      "node": "s7-w1-node",
      "label": "s7-w1-node",
      "padding": 8,
      "text": "第 1 周",
      "centerDelta": [
        0,
        0
      ],
      "safeFrameVerified": true,
      "safeFrameScope": "outer rectangle only; rounded corners require rendered review",
      "alignment": "center",
      "verticalAlignment": "middle",
      "glyphBoundsVerified": false,
      "issues": []
    },
    {
      "node": "s7-w23-node",
      "label": "s7-w23-node",
      "padding": 8,
      "text": "第 2—3 周",
      "centerDelta": [
        0,
        0
      ],
      "safeFrameVerified": true,
      "safeFrameScope": "outer rectangle only; rounded corners require rendered review",
      "alignment": "center",
      "verticalAlignment": "middle",
      "glyphBoundsVerified": false,
      "issues": []
    },
    {
      "node": "s7-w4-node",
      "label": "s7-w4-node",
      "padding": 8,
      "text": "第 4 周",
      "centerDelta": [
        0,
        0
      ],
      "safeFrameVerified": true,
      "safeFrameScope": "outer rectangle only; rounded corners require rendered review",
      "alignment": "center",
      "verticalAlignment": "middle",
      "glyphBoundsVerified": false,
      "issues": []
    }
  ]
}
slide-8: NOT_APPLICABLE_NO_NODES
